// Jest Snapshot v1, https://goo.gl/fbAQLP

exports[`Monolithic enhancer React integration should generate pretty selectors for connect 1`] = `".BaseComponent_header_137u7ef{color:red}.BaseComponent_body_1jzdmtb{color:green}.BaseComponent_footer_1tsdo2i{color:blue}"`;

exports[`Monolithic enhancer React integration should generate pretty selectors for createComponent 1`] = `".BaseComponent_137u7ef{color:red}"`;

exports[`Monolithic enhancer React integration should render a single class 1`] = `"._137u7ef{color:red}"`;
